[solutioip.wordpress.com/index.html]
[backblue.gif]
[fade.gif]
[index.html]
[s0.wp.com/wp-content/themes/pub/varia/print2d49.css]
[s0.wp.com/wp-content/themes/pub/morden/style8880.css]
[solutioip.wordpress.com/feed/index.html]
[solutioip.wordpress.com/comments/feed/index.html]
[s2.wp.com/_static/indexa179.html]
[solutioip.wordpress.com/xmlrpc0db0.php]
[s2.wp.com/i/webclip.png]
[solutioip.wordpress.com/osd.xml]
[solutioip.files.wordpress.com/2023/09/home2-1.6.delayed]
[solutioip.wordpress.com/sobre/index.html]
[solutioip.wordpress.com/servicos/index.html]
[solutioip.wordpress.com/contato/index.html]
[solutioip.files.wordpress.com/2023/09/sorrindo-empresario-maduro-em-pe-na-frente-de-seus-colegas-no-local-de-trabalho2dff.jpg]
[solutioip.files.wordpress.com/2023/09/events-1-321dc.png]
[solutioip.files.wordpress.com/2023/09/meet-up-service-website-in-white-simple-light-style1688.png]
[0.gravatar.com/js/hovercards/hovercards.min6211.js]
[s2.wp.com/wp-content/mu-plugins/gravatar-hovercards/wpgrohoe8bd.js]
[s2.wp.com/i/logo/wpcom-gray-white.png]
[s0.wp.com/wp-content/mu-plugins/actionbar/actionbar2866.css]
[s0.wp.com/wp-content/mu-plugins/actionbar/actionbarb516.js]
[stats.wp.com/w03af.js]
[solutioip.wordpress.com/wp-content/plugins/ie-sitemode/custom-jumplist.php]
[pixel.wp.com/b0b80.gif]
[solutioip.wordpress.com/index.html]
[s1.wp.com/_static/indexd02a.html]
[s0.wp.com/wp-content/themes/pub/varia/print2d49.css]
[s0.wp.com/wp-content/themes/pub/morden/style8880.css]
[s2.wp.com/wp-content/themes/h4/globalf753.css]
[solutioip.files.wordpress.com/2023/09/sorrindo-empresario-maduro-em-pe-na-frente-de-seus-colegas-no-local-de-trabalho-12dff.jpg]
[solutioip.wordpress.com/sobre/index.html]
[solutioip.files.wordpress.com/2023/09/app-application-business-business-strategy-coffee-collaboration-1434201-pxhere.com_-22dff.jpg]
[solutioip.files.wordpress.com/2023/09/analysis_business_caf_coffee_communication_computer_connection_contemporary-15498612dff.jpg]
[solutioip.files.wordpress.com/2023/09/pexels-fauxels-3184357-12dff.jpg]
[solutioip.wordpress.com/servicos/index.html]
[solutioip.wordpress.com/wp-content/js/bilmur.minc080.js]
[solutioip.files.wordpress.com/2023/09/meet-up-service-website-in-white-simple-light-style-11688.png]
[s2.wp.com/wp-content/plugins/gutenberg-core/v16.6.0/build/vendors/inert-polyfill.min17df.js]
[s2.wp.com/wp-includes/js/dist/vendor/wp-polyfill.mine5d3.js]
[s0.wp.com/wp-content/plugins/gutenberg-core/v16.6.0/build/hooks/index.minb9d1.js]
[solutioip.wordpress.com/contato/index.html]
[s0.wp.com/wp-content/mu-plugins/actionbar/actionbar2866.css]
[s0.wp.com/wp-content/plugins/gutenberg-core/v16.6.0/build/i18n/index.min2feb.js]
